

=== MethodV04Scenarios ===
test_change_model_coherence_and_impact_are_integrated (test_method_v04_cli.MethodV04Scenarios.test_change_model_coherence_and_impact_are_integrated) ... ok
test_clean_installed_package_starts_only_v04_workspace (test_method_v04_cli.MethodV04Scenarios.test_clean_installed_package_starts_only_v04_workspace) ... ok
test_critical_direct_work_stays_active_without_planning_redirect (test_method_v04_cli.MethodV04Scenarios.test_critical_direct_work_stays_active_without_planning_redirect) ... ok
test_cycle_close_legacy_schema1_preserves_specs (test_method_v04_cli.MethodV04Scenarios.test_cycle_close_legacy_schema1_preserves_specs) ... ok
test_debug_persists_red_green_and_rejects_wrong_order (test_method_v04_cli.MethodV04Scenarios.test_debug_persists_red_green_and_rejects_wrong_order) ... ok
test_direct_finish_rejects_escalated_status (test_method_v04_cli.MethodV04Scenarios.test_direct_finish_rejects_escalated_status) ... ok
test_direct_risk_classification_is_deterministic (test_method_v04_cli.MethodV04Scenarios.test_direct_risk_classification_is_deterministic) ... ok
test_every_recognized_legacy_source_blocks_first_work (test_method_v04_cli.MethodV04Scenarios.test_every_recognized_legacy_source_blocks_first_work) ... ok
test_execution_workspace_uses_change_and_plan_identity (test_method_v04_cli.MethodV04Scenarios.test_execution_workspace_uses_change_and_plan_identity) ... ok
test_first_debug_initializes_v04_without_legacy_fallback (test_method_v04_cli.MethodV04Scenarios.test_first_debug_initializes_v04_without_legacy_fallback) ... ok
test_first_execution_requires_explicit_migration_for_old_bianchini_docs (test_method_v04_cli.MethodV04Scenarios.test_first_execution_requires_explicit_migration_for_old_bianchini_docs) ... ok
test_first_quick_initializes_v04_without_legacy_fallback (test_method_v04_cli.MethodV04Scenarios.test_first_quick_initializes_v04_without_legacy_fallback) ... ok
test_internal_quick_accepts_proven_docviva_not_applicable (test_method_v04_cli.MethodV04Scenarios.test_internal_quick_accepts_proven_docviva_not_applicable) ... ok
test_invalid_first_work_does_not_leave_partial_workspace (test_method_v04_cli.MethodV04Scenarios.test_invalid_first_work_does_not_leave_partial_workspace) ... ok
test_legacy_adapter_commands_are_not_public (test_method_v04_cli.MethodV04Scenarios.test_legacy_adapter_commands_are_not_public) ... ok
test_legacy_change_without_contract_marker_remains_compatible (test_method_v04_cli.MethodV04Scenarios.test_legacy_change_without_contract_marker_remains_compatible) ... ok
test_legacy_fallback_arguments_are_not_public_in_v04 (test_method_v04_cli.MethodV04Scenarios.test_legacy_fallback_arguments_are_not_public_in_v04) ... ok
test_migration_is_explicit_and_never_touches_planning (test_method_v04_cli.MethodV04Scenarios.test_migration_is_explicit_and_never_touches_planning) ... ok
test_migration_order_is_independent_of_filesystem_enumeration (test_method_v04_cli.MethodV04Scenarios.test_migration_order_is_independent_of_filesystem_enumeration) ... ok
test_model_init_creates_only_bianchini_workspace (test_method_v04_cli.MethodV04Scenarios.test_model_init_creates_only_bianchini_workspace) ... ok
test_new_change_declares_managed_spec_contract (test_method_v04_cli.MethodV04Scenarios.test_new_change_declares_managed_spec_contract) ... ok
test_new_change_rejects_symlinked_current_spec_without_mutation (test_method_v04_cli.MethodV04Scenarios.test_new_change_rejects_symlinked_current_spec_without_mutation) ... ok
test_new_change_snapshots_valid_managed_current_specs (test_method_v04_cli.MethodV04Scenarios.test_new_change_snapshots_valid_managed_current_specs) ... ok
test_package_version_keeps_zero_four_contract_lineage (test_method_v04_cli.MethodV04Scenarios.test_package_version_keeps_zero_four_contract_lineage) ... ok
test_plan_result_promotes_final_model_and_archives_cycle (test_method_v04_cli.MethodV04Scenarios.test_plan_result_promotes_final_model_and_archives_cycle) ... ok
test_post_approval_impact_preserves_digest_and_only_blocks_stale_plan (test_method_v04_cli.MethodV04Scenarios.test_post_approval_impact_preserves_digest_and_only_blocks_stale_plan) ... ok
test_protected_quick_persists_and_requires_production_checkpoint (test_method_v04_cli.MethodV04Scenarios.test_protected_quick_persists_and_requires_production_checkpoint) ... ok
test_semantic_error_is_normalized_to_warning_and_needs_resolution (test_method_v04_cli.MethodV04Scenarios.test_semantic_error_is_normalized_to_warning_and_needs_resolution) ... ok
test_typed_plan_completion_requires_every_task (test_method_v04_cli.MethodV04Scenarios.test_typed_plan_completion_requires_every_task) ... ok
test_typed_planning_binds_scope_roadmap_tasks_semantic_review_and_package (test_method_v04_cli.MethodV04Scenarios.test_typed_planning_binds_scope_roadmap_tasks_semantic_review_and_package) ... ok
test_webhook_quick_cannot_finish_without_authenticity_guard (test_method_v04_cli.MethodV04Scenarios.test_webhook_quick_cannot_finish_without_authenticity_guard) ... ok

----------------------------------------------------------------------
Ran 31 tests in 14.760s

OK

=== ScopeIntakeScenarios ===
test_scope_seal_creates_verified_scope_and_preserves_foreign_planning (test_method_v04_cli.ScopeIntakeScenarios.test_scope_seal_creates_verified_scope_and_preserves_foreign_planning) ... ok
test_scope_seal_rejects_open_decision_and_vague_placeholder (test_method_v04_cli.ScopeIntakeScenarios.test_scope_seal_rejects_open_decision_and_vague_placeholder) ... ok
test_scope_seal_rejects_unsourced_requirement_without_overwriting_scope (test_method_v04_cli.ScopeIntakeScenarios.test_scope_seal_rejects_unsourced_requirement_without_overwriting_scope) ... ok
test_scope_verify_detects_tampering_and_different_pdf (test_method_v04_cli.ScopeIntakeScenarios.test_scope_verify_detects_tampering_and_different_pdf) ... ok

----------------------------------------------------------------------
Ran 4 tests in 2.516s

OK

=== PackageIntegrityTests ===
test_cli_has_no_third_party_imports (test_method_package.PackageIntegrityTests.test_cli_has_no_third_party_imports) ... ok
test_operational_planning_limits_live_only_in_cli (test_method_package.PackageIntegrityTests.test_operational_planning_limits_live_only_in_cli) ... ok
test_public_skills_have_valid_frontmatter (test_method_package.PackageIntegrityTests.test_public_skills_have_valid_frontmatter) ... ok
test_relative_links_resolve (test_method_package.PackageIntegrityTests.test_relative_links_resolve) ... ok
test_schema_copy_is_identical_to_packaged_schema (test_method_package.PackageIntegrityTests.test_schema_copy_is_identical_to_packaged_schema) ... ok
test_sharded_runner_covers_every_test_class (test_method_package.PackageIntegrityTests.test_sharded_runner_covers_every_test_class) ... ok

----------------------------------------------------------------------
Ran 6 tests in 0.042s

OK

=== StateValidationScenarios ===
test_approved_package_must_contain_spec_review_and_plan (test_method_package.StateValidationScenarios.test_approved_package_must_contain_spec_review_and_plan) ... ok
test_approved_state_rejects_planned_plan (test_method_package.StateValidationScenarios.test_approved_state_rejects_planned_plan) ... ok
test_in_progress_bootstrap_allows_zero_plans_only_until_review (test_method_package.StateValidationScenarios.test_in_progress_bootstrap_allows_zero_plans_only_until_review) ... ok
test_invalid_state_reports_schema_errors (test_method_package.StateValidationScenarios.test_invalid_state_reports_schema_errors) ... ok
test_manual_architecture_report_does_not_block_approval (test_method_package.StateValidationScenarios.test_manual_architecture_report_does_not_block_approval) ... ok
test_missing_and_cyclic_plan_dependencies_are_rejected (test_method_package.StateValidationScenarios.test_missing_and_cyclic_plan_dependencies_are_rejected) ... ok
test_release_candidate_requires_complete_fingerprint (test_method_package.StateValidationScenarios.test_release_candidate_requires_complete_fingerprint) ... ok
test_status_reports_active_plan_unit_mode_and_workspace (test_method_package.StateValidationScenarios.test_status_reports_active_plan_unit_mode_and_workspace) ... ok
test_v2_state_validates_and_status_is_structured (test_method_package.StateValidationScenarios.test_v2_state_validates_and_status_is_structured) ... ok

----------------------------------------------------------------------
Ran 9 tests in 0.900s

OK

=== SnapshotScenarios ===
test_snapshot_detects_tampering (test_method_package.SnapshotScenarios.test_snapshot_detects_tampering) ... ok
test_snapshot_rejects_manifest_path_escape_and_symlink_escape (test_method_package.SnapshotScenarios.test_snapshot_rejects_manifest_path_escape_and_symlink_escape) ... ok

----------------------------------------------------------------------
Ran 2 tests in 0.373s

OK

=== PlanningQualityScenarios ===
test_approved_quality_package_without_research_mode_remains_compatible (test_method_package.PlanningQualityScenarios.test_approved_quality_package_without_research_mode_remains_compatible) ... ok
test_budget_escalates_profile_without_reducing_scope (test_method_package.PlanningQualityScenarios.test_budget_escalates_profile_without_reducing_scope) ... ok
test_deferred_scope_requires_explicit_owner_authorization (test_method_package.PlanningQualityScenarios.test_deferred_scope_requires_explicit_owner_authorization) ... ok
test_full_profile_accepts_broad_scope_without_deferral (test_method_package.PlanningQualityScenarios.test_full_profile_accepts_broad_scope_without_deferral) ... ok
test_full_research_requires_critical_sections (test_method_package.PlanningQualityScenarios.test_full_research_requires_critical_sections) ... ok
test_interdependent_critical_plans_recommend_full (test_method_package.PlanningQualityScenarios.test_interdependent_critical_plans_recommend_full) ... ok
test_isolated_critical_unit_uses_strict_without_promoting_project_to_full (test_method_package.PlanningQualityScenarios.test_isolated_critical_unit_uses_strict_without_promoting_project_to_full) ... ok
test_lean_is_small_and_seven_is_ceiling_not_target (test_method_package.PlanningQualityScenarios.test_lean_is_small_and_seven_is_ceiling_not_target) ... ok
test_old_v2_state_remains_compatible_but_cannot_claim_new_quality (test_method_package.PlanningQualityScenarios.test_old_v2_state_remains_compatible_but_cannot_claim_new_quality) ... ok
test_package_size_alone_does_not_promote_assurance_profile (test_method_package.PlanningQualityScenarios.test_package_size_alone_does_not_promote_assurance_profile) ... ok
test_repo_only_research_is_valid_without_external_url (test_method_package.PlanningQualityScenarios.test_repo_only_research_is_valid_without_external_url) ... ok
test_snapshot_cannot_bypass_quality_audit (test_method_package.PlanningQualityScenarios.test_snapshot_cannot_bypass_quality_audit) ... ok
test_strict_audit_accepts_researched_compact_plan (test_method_package.PlanningQualityScenarios.test_strict_audit_accepts_researched_compact_plan) ... ok
test_strict_audit_rejects_placeholders_prose_and_legacy_refs (test_method_package.PlanningQualityScenarios.test_strict_audit_rejects_placeholders_prose_and_legacy_refs) ... ok
test_strict_audit_rejects_unverifiable_research (test_method_package.PlanningQualityScenarios.test_strict_audit_rejects_unverifiable_research) ... ok

----------------------------------------------------------------------
Ran 15 tests in 1.683s

OK

=== PlanningStabilityScenarios ===
test_change_policy_prevents_redesign_for_internal_adjustments (test_method_package.PlanningStabilityScenarios.test_change_policy_prevents_redesign_for_internal_adjustments) ... ok
test_checker_allows_one_factual_amendment_after_first_pass (test_method_package.PlanningStabilityScenarios.test_checker_allows_one_factual_amendment_after_first_pass) ... ok
test_checker_binds_the_approved_review_file (test_method_package.PlanningStabilityScenarios.test_checker_binds_the_approved_review_file) ... ok
test_checker_uses_canonical_review_and_rejects_empty_correction_loop (test_method_package.PlanningStabilityScenarios.test_checker_uses_canonical_review_and_rejects_empty_correction_loop) ... ok
test_design_can_be_sealed_and_verified_before_project_state (test_method_package.PlanningStabilityScenarios.test_design_can_be_sealed_and_verified_before_project_state) ... ok
test_design_rejects_empty_contract_artifact (test_method_package.PlanningStabilityScenarios.test_design_rejects_empty_contract_artifact) ... ok
test_design_rejects_manifest_metadata_tampering (test_method_package.PlanningStabilityScenarios.test_design_rejects_manifest_metadata_tampering) ... ok
test_design_rejects_stale_scope_digest (test_method_package.PlanningStabilityScenarios.test_design_rejects_stale_scope_digest) ... ok
test_design_requires_observable_screenshot_evidence (test_method_package.PlanningStabilityScenarios.test_design_requires_observable_screenshot_evidence) ... ok
test_high_impact_assumption_requires_evidence (test_method_package.PlanningStabilityScenarios.test_high_impact_assumption_requires_evidence) ... ok
test_planning_checker_allows_one_correction_only (test_method_package.PlanningStabilityScenarios.test_planning_checker_allows_one_correction_only) ... ok
test_quality_v2_requires_change_artifacts_inside_change_root (test_method_package.PlanningStabilityScenarios.test_quality_v2_requires_change_artifacts_inside_change_root) ... ok
test_quality_v2_requires_readiness_coverage_and_checker (test_method_package.PlanningStabilityScenarios.test_quality_v2_requires_readiness_coverage_and_checker) ... ok
test_readiness_is_invalidated_when_repository_head_changes (test_method_package.PlanningStabilityScenarios.test_readiness_is_invalidated_when_repository_head_changes) ... ok
test_readiness_rejects_duplicate_current_spec_targets (test_method_package.PlanningStabilityScenarios.test_readiness_rejects_duplicate_current_spec_targets) ... ok

----------------------------------------------------------------------
Ran 15 tests in 3.002s

OK

=== ContextEfficiencyScenarios ===
test_hydrated_task_brief_contains_bounded_context (test_method_package.ContextEfficiencyScenarios.test_hydrated_task_brief_contains_bounded_context) ... ok
test_mutation_evidence_accepts_classified_survivor (test_method_package.ContextEfficiencyScenarios.test_mutation_evidence_accepts_classified_survivor) ... ok
test_mutation_evidence_blocks_unclassified_or_stale_results (test_method_package.ContextEfficiencyScenarios.test_mutation_evidence_blocks_unclassified_or_stale_results) ... ok
test_quality_v2_requires_change_and_readiness_refs (test_method_package.ContextEfficiencyScenarios.test_quality_v2_requires_change_and_readiness_refs) ... ok
test_readiness_ref_must_exist_and_target_the_plan (test_method_package.ContextEfficiencyScenarios.test_readiness_ref_must_exist_and_target_the_plan) ... ok
test_spec_diff_generates_added_modified_and_removed (test_method_package.ContextEfficiencyScenarios.test_spec_diff_generates_added_modified_and_removed) ... ok
test_spec_diff_rejects_duplicate_requirement_ids (test_method_package.ContextEfficiencyScenarios.test_spec_diff_rejects_duplicate_requirement_ids) ... ok

----------------------------------------------------------------------
Ran 7 tests in 1.209s

OK

=== AdaptivePolicyScenarios ===
test_crud_lean_is_grouped_with_two_fix_rounds (test_method_package.AdaptivePolicyScenarios.test_crud_lean_is_grouped_with_two_fix_rounds) ... ok
test_epistemic_breaker_is_documented_in_contracts (test_method_package.AdaptivePolicyScenarios.test_epistemic_breaker_is_documented_in_contracts) ... ok
test_fix_round_breaker_varies_by_profile (test_method_package.AdaptivePolicyScenarios.test_fix_round_breaker_varies_by_profile) ... ok
test_homologation_combines_automation_with_real_system_acceptance (test_method_package.AdaptivePolicyScenarios.test_homologation_combines_automation_with_real_system_acceptance) ... ok
test_homologation_maps_real_e2e_evidence_before_manual_gaps (test_method_package.AdaptivePolicyScenarios.test_homologation_maps_real_e2e_evidence_before_manual_gaps) ... ok
test_integration_standard_is_vertical_slice (test_method_package.AdaptivePolicyScenarios.test_integration_standard_is_vertical_slice) ... ok
test_manual_out_of_scope_is_not_required (test_method_package.AdaptivePolicyScenarios.test_manual_out_of_scope_is_not_required) ... ok
test_manual_policy_supports_none_quick_start_and_full (test_method_package.AdaptivePolicyScenarios.test_manual_policy_supports_none_quick_start_and_full) ... ok
test_mutation_policy_is_selective_and_never_uses_global_score (test_method_package.AdaptivePolicyScenarios.test_mutation_policy_is_selective_and_never_uses_global_score) ... ok
test_payment_full_is_strict_and_architecture_audit_stays_manual (test_method_package.AdaptivePolicyScenarios.test_payment_full_is_strict_and_architecture_audit_stays_manual) ... ok
test_proof_map_rejects_evidence_from_old_candidate_fingerprint (test_method_package.AdaptivePolicyScenarios.test_proof_map_rejects_evidence_from_old_candidate_fingerprint) ... ok
test_quality_strategy_keeps_unit_execution_focused (test_method_package.AdaptivePolicyScenarios.test_quality_strategy_keeps_unit_execution_focused) ... ok
test_seam_budget_survives_task_rename (test_method_package.AdaptivePolicyScenarios.test_seam_budget_survives_task_rename) ... ok
test_seam_counters_require_named_seam (test_method_package.AdaptivePolicyScenarios.test_seam_counters_require_named_seam) ... ok
test_structural_finding_invalidates_hypothesis_immediately (test_method_package.AdaptivePolicyScenarios.test_structural_finding_invalidates_hypothesis_immediately) ... ok
test_two_consecutive_seam_findings_trip_early_breaker (test_method_package.AdaptivePolicyScenarios.test_two_consecutive_seam_findings_trip_early_breaker) ... ok
test_visual_bug_uses_visual_evidence (test_method_package.AdaptivePolicyScenarios.test_visual_bug_uses_visual_evidence) ... ok

----------------------------------------------------------------------
Ran 17 tests in 1.832s

OK

=== BehavioralProjectScenarios ===
test_disabled_telemetry_creates_no_artifact (test_method_package.BehavioralProjectScenarios.test_disabled_telemetry_creates_no_artifact) ... ok
test_old_release_fixture_cannot_prove_current_candidate (test_method_package.BehavioralProjectScenarios.test_old_release_fixture_cannot_prove_current_candidate) ... ok
test_real_high_risk_fixture_enforces_strict_mode (test_method_package.BehavioralProjectScenarios.test_real_high_risk_fixture_enforces_strict_mode) ... ok
test_real_low_risk_project_runs_snapshot_group_status_and_telemetry (test_method_package.BehavioralProjectScenarios.test_real_low_risk_project_runs_snapshot_group_status_and_telemetry) ... ok
test_telemetry_path_escape_is_rejected_by_state_validation (test_method_package.BehavioralProjectScenarios.test_telemetry_path_escape_is_rejected_by_state_validation) ... ok

----------------------------------------------------------------------
Ran 5 tests in 1.111s

OK

=== AgentContractScenarios ===
test_architecture_audit_requires_explicit_invocation (test_method_package.AgentContractScenarios.test_architecture_audit_requires_explicit_invocation) ... ok
test_cartographer_scoped_to_planning_with_head_cache (test_method_package.AgentContractScenarios.test_cartographer_scoped_to_planning_with_head_cache) ... ok
test_contracts_exist_are_lean_and_generic (test_method_package.AgentContractScenarios.test_contracts_exist_are_lean_and_generic) ... ok
test_direct_mode_allows_adaptive_subagents_without_changing_route (test_method_package.AgentContractScenarios.test_direct_mode_allows_adaptive_subagents_without_changing_route) ... ok
test_homologation_has_self_contained_real_ui_gate (test_method_package.AgentContractScenarios.test_homologation_has_self_contained_real_ui_gate) ... ok
test_no_global_install_and_no_extra_public_skill (test_method_package.AgentContractScenarios.test_no_global_install_and_no_extra_public_skill) ... ok
test_reviewer_cadence_matches_execution_modes (test_method_package.AgentContractScenarios.test_reviewer_cadence_matches_execution_modes) ... ok
test_security_reviewer_only_for_high_risk_sensitive_domains (test_method_package.AgentContractScenarios.test_security_reviewer_only_for_high_risk_sensitive_domains) ... ok

----------------------------------------------------------------------
Ran 8 tests in 0.264s

OK

=== SkillBehaviorContracts ===
test_adaptive_test_layers_are_distributed_without_per_task_campaigns (test_method_package.SkillBehaviorContracts.test_adaptive_test_layers_are_distributed_without_per_task_campaigns) ... ok
test_architecture_and_status_skills_exist_in_readme (test_method_package.SkillBehaviorContracts.test_architecture_and_status_skills_exist_in_readme) ... ok
test_architecture_audit_is_manual_hotspot_report_only (test_method_package.SkillBehaviorContracts.test_architecture_audit_is_manual_hotspot_report_only) ... ok
test_completed_previous_execution_uses_explicit_migration (test_method_package.SkillBehaviorContracts.test_completed_previous_execution_uses_explicit_migration) ... ok
test_executor_uses_primary_checkout_without_task_minimum (test_method_package.SkillBehaviorContracts.test_executor_uses_primary_checkout_without_task_minimum) ... ok
test_homologation_and_manual_contracts_are_explicit (test_method_package.SkillBehaviorContracts.test_homologation_and_manual_contracts_are_explicit) ... ok
test_pdf_scope_intake_is_traceable_strict_and_hands_off_to_sdd (test_method_package.SkillBehaviorContracts.test_pdf_scope_intake_is_traceable_strict_and_hands_off_to_sdd) ... ok
test_planning_commit_and_versioned_workspace_are_mandatory (test_method_package.SkillBehaviorContracts.test_planning_commit_and_versioned_workspace_are_mandatory) ... ok
test_planning_is_foreign_and_bianchini_docs_are_versioned (test_method_package.SkillBehaviorContracts.test_planning_is_foreign_and_bianchini_docs_are_versioned) ... ok
test_planning_research_and_simplification_are_enforced (test_method_package.SkillBehaviorContracts.test_planning_research_and_simplification_are_enforced) ... ok
test_skill_activation_uses_current_method_or_explicit_policy (test_method_package.SkillBehaviorContracts.test_skill_activation_uses_current_method_or_explicit_policy) ... ok
test_typed_planning_contract_is_documented_end_to_end (test_method_package.SkillBehaviorContracts.test_typed_planning_contract_is_documented_end_to_end) ... ok

----------------------------------------------------------------------
Ran 12 tests in 0.003s

OK

=== ContextEfficiencyReviewScenarios ===
test_hydrated_context_requires_exact_spec_section (test_context_efficiency_review.ContextEfficiencyReviewScenarios.test_hydrated_context_requires_exact_spec_section) ... ok
test_hydrated_context_zero_ledger_tail_is_empty_and_reports_policy (test_context_efficiency_review.ContextEfficiencyReviewScenarios.test_hydrated_context_zero_ledger_tail_is_empty_and_reports_policy) ... ok
test_mutation_evidence_accepts_rc_revision_before_state_commit (test_context_efficiency_review.ContextEfficiencyReviewScenarios.test_mutation_evidence_accepts_rc_revision_before_state_commit) ... ok
test_mutation_evidence_rejects_output_input_collision (test_context_efficiency_review.ContextEfficiencyReviewScenarios.test_mutation_evidence_rejects_output_input_collision) ... ok
test_mutation_evidence_rejects_unknown_classification_ids (test_context_efficiency_review.ContextEfficiencyReviewScenarios.test_mutation_evidence_rejects_unknown_classification_ids) ... ok
test_proof_map_consumes_verified_mutation_evidence (test_context_efficiency_review.ContextEfficiencyReviewScenarios.test_proof_map_consumes_verified_mutation_evidence) ... ok

----------------------------------------------------------------------
Ran 6 tests in 1.118s

OK

=== MethodWorkspaceTests ===
test_allocate_id_is_monotonic_and_observes_existing_entries (test_bm_core_modules.MethodWorkspaceTests.test_allocate_id_is_monotonic_and_observes_existing_entries) ... ok
test_atomic_write_replaces_content_without_leaving_temporary_file (test_bm_core_modules.MethodWorkspaceTests.test_atomic_write_replaces_content_without_leaving_temporary_file) ... ok
test_initialize_creates_only_bianchini_layout_and_preserves_planning (test_bm_core_modules.MethodWorkspaceTests.test_initialize_creates_only_bianchini_layout_and_preserves_planning) ... ok
test_resolve_confines_absolute_relative_and_symlink_paths (test_bm_core_modules.MethodWorkspaceTests.test_resolve_confines_absolute_relative_and_symlink_paths) ... ok
test_state_is_compact_round_trippable_and_rejects_history (test_bm_core_modules.MethodWorkspaceTests.test_state_is_compact_round_trippable_and_rejects_history) ... ok
test_state_reader_rejects_symlink_that_escapes_workspace (test_bm_core_modules.MethodWorkspaceTests.test_state_reader_rejects_symlink_that_escapes_workspace) ... ok

----------------------------------------------------------------------
Ran 6 tests in 0.027s

OK

=== ProjectModelTests ===
test_applies_add_update_upsert_and_remove_without_mutating_source (test_bm_core_modules.ProjectModelTests.test_applies_add_update_upsert_and_remove_without_mutating_source) ... ok
test_plan_contract_reads_frontmatter_and_applies_sequence (test_bm_core_modules.ProjectModelTests.test_plan_contract_reads_frontmatter_and_applies_sequence) ... ok
test_plan_contract_v2_parses_typed_tasks_and_rejects_unknown_fields (test_bm_core_modules.ProjectModelTests.test_plan_contract_v2_parses_typed_tasks_and_rejects_unknown_fields) ... ok
test_reads_json_frontmatter_and_has_order_independent_digest (test_bm_core_modules.ProjectModelTests.test_reads_json_frontmatter_and_has_order_independent_digest) ... ok
test_reads_yaml_frontmatter_with_nested_lists (test_bm_core_modules.ProjectModelTests.test_reads_yaml_frontmatter_with_nested_lists) ... ok
test_rejects_duplicate_and_malformed_model_identifiers (test_bm_core_modules.ProjectModelTests.test_rejects_duplicate_and_malformed_model_identifiers) ... ok

----------------------------------------------------------------------
Ran 6 tests in 0.002s

OK

=== CoherenceTests ===
test_dependency_graph_combines_declared_and_contract_edges (test_bm_core_modules.CoherenceTests.test_dependency_graph_combines_declared_and_contract_edges) ... ok
test_finding_rejects_semantic_error_and_invalid_accepted_status (test_bm_core_modules.CoherenceTests.test_finding_rejects_semantic_error_and_invalid_accepted_status) ... ok
test_impact_analyzer_classifies_local_direct_transitive_and_global (test_bm_core_modules.CoherenceTests.test_impact_analyzer_classifies_local_direct_transitive_and_global) ... ok
test_impact_analyzer_uses_interfaces_data_migrations_journeys_and_effects (test_bm_core_modules.CoherenceTests.test_impact_analyzer_uses_interfaces_data_migrations_journeys_and_effects) ... ok
test_semantic_reviewer_normalizes_without_turning_opinion_into_error (test_bm_core_modules.CoherenceTests.test_semantic_reviewer_normalizes_without_turning_opinion_into_error) ... ok
test_structural_validator_is_deterministic_for_valid_package (test_bm_core_modules.CoherenceTests.test_structural_validator_is_deterministic_for_valid_package) ... ok
test_structural_validator_reports_cycle_order_provider_and_ownership (test_bm_core_modules.CoherenceTests.test_structural_validator_reports_cycle_order_provider_and_ownership) ... ok
test_task_graph_builds_waves_and_validator_enforces_scope_coverage (test_bm_core_modules.CoherenceTests.test_task_graph_builds_waves_and_validator_enforces_scope_coverage) ... ok
test_unavailable_semantic_review_never_looks_like_a_pass (test_bm_core_modules.CoherenceTests.test_unavailable_semantic_review_never_looks_like_a_pass) ... ok
test_validator_checks_acceptance_verification_journey_guard_and_model (test_bm_core_modules.CoherenceTests.test_validator_checks_acceptance_verification_journey_guard_and_model) ... ok
test_validator_checks_requirement_contract_removal_and_migration_safety (test_bm_core_modules.CoherenceTests.test_validator_checks_requirement_contract_removal_and_migration_safety) ... ok

----------------------------------------------------------------------
Ran 11 tests in 0.003s

OK

=== CliContractScenarios ===
test_canonical_registry_matches_parser_dispatch_and_skill_consumers (test_cli_contract.CliContractScenarios.test_canonical_registry_matches_parser_dispatch_and_skill_consumers) ... ok
test_every_registered_public_surface_has_golden_fixture (test_cli_contract.CliContractScenarios.test_every_registered_public_surface_has_golden_fixture) ... ok
test_fixture_git_discovery_does_not_escape_its_temporary_root (test_cli_contract.CliContractScenarios.test_fixture_git_discovery_does_not_escape_its_temporary_root) ... ok
test_generated_document_is_reproducible_byte_for_byte (test_cli_contract.CliContractScenarios.test_generated_document_is_reproducible_byte_for_byte) ... ok
test_golden_behavior_fixtures_pass_on_python_oracle (test_cli_contract.CliContractScenarios.test_golden_behavior_fixtures_pass_on_python_oracle) ... ok
test_phase0_baseline_metrics_are_measured_not_estimated (test_cli_contract.CliContractScenarios.test_phase0_baseline_metrics_are_measured_not_estimated) ... ok

----------------------------------------------------------------------
Ran 6 tests in 14.429s

OK

=== SpecPackageScenarios ===
test_directory_diff_derives_add_modify_remove_and_rename_by_stable_spec_id (test_spec_package.SpecPackageScenarios.test_directory_diff_derives_add_modify_remove_and_rename_by_stable_spec_id) ... ok
test_directory_diff_rejects_symlink_in_ancestor_before_reading_tree (test_spec_package.SpecPackageScenarios.test_directory_diff_rejects_symlink_in_ancestor_before_reading_tree) ... ok
test_legacy_file_diff_shape_remains_compatible (test_spec_package.SpecPackageScenarios.test_legacy_file_diff_shape_remains_compatible) ... ok
test_load_uses_one_target_and_manifest_snapshot (test_spec_package.SpecPackageScenarios.test_load_uses_one_target_and_manifest_snapshot) ... ok
test_manifest_rejects_absolute_traversal_backslash_and_foreign_namespace (test_spec_package.SpecPackageScenarios.test_manifest_rejects_absolute_traversal_backslash_and_foreign_namespace) ... ok
test_manifest_rejects_duplicate_json_keys_at_any_level (test_spec_package.SpecPackageScenarios.test_manifest_rejects_duplicate_json_keys_at_any_level) ... ok
test_manual_diff_change_blocks_until_regenerated (test_spec_package.SpecPackageScenarios.test_manual_diff_change_blocks_until_regenerated) ... ok
test_missing_unknown_duplicate_or_empty_coverage_blocks (test_spec_package.SpecPackageScenarios.test_missing_unknown_duplicate_or_empty_coverage_blocks) ... ok
test_risk_can_be_covered_by_explicit_guard_or_plan_gate (test_spec_package.SpecPackageScenarios.test_risk_can_be_covered_by_explicit_guard_or_plan_gate) ... ok
test_schema1_is_legacy_unmanaged_without_touching_spec_paths (test_spec_package.SpecPackageScenarios.test_schema1_is_legacy_unmanaged_without_touching_spec_paths) ... ok
test_schema2_rejects_foreign_namespace_before_filesystem_access (test_spec_package.SpecPackageScenarios.test_schema2_rejects_foreign_namespace_before_filesystem_access) ... ok
test_schema2_requires_known_spec_contract (test_spec_package.SpecPackageScenarios.test_schema2_requires_known_spec_contract) ... ok
test_target_rejects_empty_binary_symlink_and_path_collision (test_spec_package.SpecPackageScenarios.test_target_rejects_empty_binary_symlink_and_path_collision) ... ok
test_valid_package_has_deterministic_recursive_digests_and_complete_coverage (test_spec_package.SpecPackageScenarios.test_valid_package_has_deterministic_recursive_digests_and_complete_coverage) ... ok

----------------------------------------------------------------------
Ran 14 tests in 0.061s

OK

=== CloseRecoveryScenarios ===
test_casefold_planning_is_rejected_before_visible_mutation (test_close_recovery.CloseRecoveryScenarios.test_casefold_planning_is_rejected_before_visible_mutation) ... ok
test_concurrent_lock_fails_without_mutation (test_close_recovery.CloseRecoveryScenarios.test_concurrent_lock_fails_without_mutation) ... ok
test_crash_after_every_durable_phase_recovers_idempotently (test_close_recovery.CloseRecoveryScenarios.test_crash_after_every_durable_phase_recovers_idempotently) ... ok
test_crash_while_materializing_inputs_has_durable_intent_and_retries (test_close_recovery.CloseRecoveryScenarios.test_crash_while_materializing_inputs_has_durable_intent_and_retries) ... ok
test_journal_cannot_redirect_cleanup_outside_transaction (test_close_recovery.CloseRecoveryScenarios.test_journal_cannot_redirect_cleanup_outside_transaction) ... ok
test_partial_rename_inside_transition_is_resumed (test_close_recovery.CloseRecoveryScenarios.test_partial_rename_inside_transition_is_resumed) ... ok
test_preparing_cleanup_rejects_symlink_without_touching_target (test_close_recovery.CloseRecoveryScenarios.test_preparing_cleanup_rejects_symlink_without_touching_target) ... ok
test_preparing_retry_checks_visible_digests_before_cleanup (test_close_recovery.CloseRecoveryScenarios.test_preparing_retry_checks_visible_digests_before_cleanup) ... ok
test_public_close_recovery_returns_managed_contract_for_every_phase (test_close_recovery.CloseRecoveryScenarios.test_public_close_recovery_returns_managed_contract_for_every_phase) ... ok
test_recovery_rejects_symlinked_transaction_root_before_visible_mutation (test_close_recovery.CloseRecoveryScenarios.test_recovery_rejects_symlinked_transaction_root_before_visible_mutation) ... ok
test_restore_strategy_returns_known_partial_close_to_before_state (test_close_recovery.CloseRecoveryScenarios.test_restore_strategy_returns_known_partial_close_to_before_state) ... ok
test_specs_manifest_symlink_is_rejected_before_staging (test_close_recovery.CloseRecoveryScenarios.test_specs_manifest_symlink_is_rejected_before_staging) ... ok
test_specs_source_symlink_is_rejected (test_close_recovery.CloseRecoveryScenarios.test_specs_source_symlink_is_rejected) ... ok
test_staged_tree_and_journal_record_before_and_after_digests (test_close_recovery.CloseRecoveryScenarios.test_staged_tree_and_journal_record_before_and_after_digests) ... ok
test_tampered_input_blocks_before_visible_mutation (test_close_recovery.CloseRecoveryScenarios.test_tampered_input_blocks_before_visible_mutation) ... ok
test_truncated_journal_blocks_without_guessing (test_close_recovery.CloseRecoveryScenarios.test_truncated_journal_blocks_without_guessing) ... ok
test_unchanged_current_documents_preserve_bytes_and_mtime (test_close_recovery.CloseRecoveryScenarios.test_unchanged_current_documents_preserve_bytes_and_mtime) ... ok
test_unrecognized_digest_drift_blocks_recovery (test_close_recovery.CloseRecoveryScenarios.test_unrecognized_digest_drift_blocks_recovery) ... ok

----------------------------------------------------------------------
Ran 18 tests in 0.468s

OK

=== ContextPackScenarios ===
test_cache_and_verify_bind_identity_head_and_source_digests (test_context_pack.ContextPackScenarios.test_cache_and_verify_bind_identity_head_and_source_digests) ... ok
test_forged_approved_lesson_is_never_injected (test_context_pack.ContextPackScenarios.test_forged_approved_lesson_is_never_injected) ... ok
test_large_pack_fails_without_output_or_truncation (test_context_pack.ContextPackScenarios.test_large_pack_fails_without_output_or_truncation) ... ok
test_only_relevant_approved_lesson_enters_pack_and_conflict_blocks (test_context_pack.ContextPackScenarios.test_only_relevant_approved_lesson_enters_pack_and_conflict_blocks) ... ok
test_output_is_confined_and_rejects_symlink_chain (test_context_pack.ContextPackScenarios.test_output_is_confined_and_rejects_symlink_chain) ... ok
test_plan_quick_debug_and_rc_have_behavior_fixtures (test_context_pack.ContextPackScenarios.test_plan_quick_debug_and_rc_have_behavior_fixtures) ... ok
test_task_pack_is_minimal_complete_and_dependency_aware (test_context_pack.ContextPackScenarios.test_task_pack_is_minimal_complete_and_dependency_aware) ... ok
test_unknown_or_incomplete_units_fail_closed (test_context_pack.ContextPackScenarios.test_unknown_or_incomplete_units_fail_closed) ... ok
test_verify_recompiles_context_and_rejects_canonical_tampering (test_context_pack.ContextPackScenarios.test_verify_recompiles_context_and_rejects_canonical_tampering) ... ok

----------------------------------------------------------------------
Ran 9 tests in 0.920s

OK

=== ContextCliScenarios ===
test_context_pack_and_verify_are_public_and_json_observable (test_context_cli.ContextCliScenarios.test_context_pack_and_verify_are_public_and_json_observable) ... ok
test_context_pack_failure_keeps_stable_error_code (test_context_cli.ContextCliScenarios.test_context_pack_failure_keeps_stable_error_code) ... ok

----------------------------------------------------------------------
Ran 2 tests in 0.368s

OK

=== ContextSkillAdoptionScenarios ===
test_adopted_packs_fail_closed_on_missing_or_stale_required_source (test_context_skill_adoption.ContextSkillAdoptionScenarios.test_adopted_packs_fail_closed_on_missing_or_stale_required_source) ... ok
test_execution_skills_reject_stale_pack_instead_of_full_contract_fallback (test_context_skill_adoption.ContextSkillAdoptionScenarios.test_execution_skills_reject_stale_pack_instead_of_full_contract_fallback) ... ok
test_operational_skills_use_context_pack_as_primary_interface (test_context_skill_adoption.ContextSkillAdoptionScenarios.test_operational_skills_use_context_pack_as_primary_interface) ... ok
test_representative_full_context_and_pack_are_operationally_equivalent (test_context_skill_adoption.ContextSkillAdoptionScenarios.test_representative_full_context_and_pack_are_operationally_equivalent) ... ok

----------------------------------------------------------------------
Ran 4 tests in 0.567s

OK

=== DocVivaScenarios ===
test_declaration_must_exactly_match_changed_current_artifacts (test_docviva.DocVivaScenarios.test_declaration_must_exactly_match_changed_current_artifacts) ... ok
test_history_foreign_namespace_and_symlink_do_not_count (test_docviva.DocVivaScenarios.test_history_foreign_namespace_and_symlink_do_not_count) ... ok
test_internal_quick_accepts_proven_not_applicable (test_docviva.DocVivaScenarios.test_internal_quick_accepts_proven_not_applicable) ... ok
test_no_op_requires_equal_digests_and_proof (test_docviva.DocVivaScenarios.test_no_op_requires_equal_digests_and_proof) ... ok
test_not_applicable_requires_internal_work_and_justification (test_docviva.DocVivaScenarios.test_not_applicable_requires_internal_work_and_justification) ... ok
test_required_behavioral_change_blocks_without_docviva_change (test_docviva.DocVivaScenarios.test_required_behavioral_change_blocks_without_docviva_change) ... ok
test_required_change_needs_corresponding_current_artifact (test_docviva.DocVivaScenarios.test_required_change_needs_corresponding_current_artifact) ... ok
test_write_if_changed_preserves_bytes_and_mtime_when_equal (test_docviva.DocVivaScenarios.test_write_if_changed_preserves_bytes_and_mtime_when_equal) ... ok

----------------------------------------------------------------------
Ran 8 tests in 0.009s

OK

=== Phase2MetricsScenarios ===
test_before_context_fails_closed_when_baseline_bytes_drift (test_phase2_metrics.Phase2MetricsScenarios.test_before_context_fails_closed_when_baseline_bytes_drift) ... ok
test_before_context_is_recomputed_from_base_commit (test_phase2_metrics.Phase2MetricsScenarios.test_before_context_is_recomputed_from_base_commit) ... ok
test_check_fails_when_versioned_metrics_drift (test_phase2_metrics.Phase2MetricsScenarios.test_check_fails_when_versioned_metrics_drift) ... ok
test_docviva_historical_claims_are_reexecuted (test_phase2_metrics.Phase2MetricsScenarios.test_docviva_historical_claims_are_reexecuted) ... ok
test_versioned_report_is_reproducible_byte_for_byte (test_phase2_metrics.Phase2MetricsScenarios.test_versioned_report_is_reproducible_byte_for_byte) ... ok

----------------------------------------------------------------------
Ran 5 tests in 9.374s

OK

=== RiskFloorScenarios ===
test_critical_risk_never_changes_the_human_route (test_risk_floor.RiskFloorScenarios.test_critical_risk_never_changes_the_human_route) ... ok
test_declared_score_can_increase_but_never_reduce_derived_floor (test_risk_floor.RiskFloorScenarios.test_declared_score_can_increase_but_never_reduce_derived_floor) ... ok
test_finish_does_not_lower_a_previous_structural_floor (test_risk_floor.RiskFloorScenarios.test_finish_does_not_lower_a_previous_structural_floor) ... ok
test_finish_reclassifies_upward_from_real_diff_and_adds_guards (test_risk_floor.RiskFloorScenarios.test_finish_reclassifies_upward_from_real_diff_and_adds_guards) ... ok
test_invalid_scores_flags_models_migrations_and_paths_fail_closed (test_risk_floor.RiskFloorScenarios.test_invalid_scores_flags_models_migrations_and_paths_fail_closed) ... ok
test_isolated_words_in_docs_or_filenames_do_not_decide_risk (test_risk_floor.RiskFloorScenarios.test_isolated_words_in_docs_or_filenames_do_not_decide_risk) ... ok
test_payment_and_webhook_remain_quick_but_protected (test_risk_floor.RiskFloorScenarios.test_payment_and_webhook_remain_quick_but_protected) ... ok
test_project_model_diff_derives_contract_integration_ownership_and_effects (test_risk_floor.RiskFloorScenarios.test_project_model_diff_derives_contract_integration_ownership_and_effects) ... ok
test_reasons_and_guards_are_deterministic_and_deduplicated (test_risk_floor.RiskFloorScenarios.test_reasons_and_guards_are_deterministic_and_deduplicated) ... ok
test_structural_paths_derive_migration_manifest_contract_and_domain_risk (test_risk_floor.RiskFloorScenarios.test_structural_paths_derive_migration_manifest_contract_and_domain_risk) ... ok
test_structured_destructive_migration_sets_high_floor_and_recovery_guards (test_risk_floor.RiskFloorScenarios.test_structured_destructive_migration_sets_high_floor_and_recovery_guards) ... ok
test_structured_dimensions_preserve_existing_additive_boundary (test_risk_floor.RiskFloorScenarios.test_structured_dimensions_preserve_existing_additive_boundary) ... ok

----------------------------------------------------------------------
Ran 12 tests in 0.001s

OK

=== NextWaveScenarios ===
test_any_approved_artifact_or_spec_digest_drift_fails_closed (test_next_wave.NextWaveScenarios.test_any_approved_artifact_or_spec_digest_drift_fails_closed) ... ok
test_completed_plan_unlocks_dependent_plan (test_next_wave.NextWaveScenarios.test_completed_plan_unlocks_dependent_plan) ... ok
test_completed_task_advances_local_wave_and_records_satisfied_dependency (test_next_wave.NextWaveScenarios.test_completed_task_advances_local_wave_and_records_satisfied_dependency) ... ok
test_malformed_or_unapproved_package_fails_closed (test_next_wave.NextWaveScenarios.test_malformed_or_unapproved_package_fails_closed) ... ok
test_minimal_forged_plan_result_does_not_unlock_dependents (test_next_wave.NextWaveScenarios.test_minimal_forged_plan_result_does_not_unlock_dependents) ... ok
test_minimal_forged_task_result_does_not_unlock_wave (test_next_wave.NextWaveScenarios.test_minimal_forged_task_result_does_not_unlock_wave) ... ok
test_next_wave_is_deterministic_parallel_and_excludes_stale_blocked (test_next_wave.NextWaveScenarios.test_next_wave_is_deterministic_parallel_and_excludes_stale_blocked) ... ok
test_next_wave_rejects_duplicate_descriptive_plan_identity (test_next_wave.NextWaveScenarios.test_next_wave_rejects_duplicate_descriptive_plan_identity) ... ok
test_package_digest_and_state_approval_must_match_current_package (test_next_wave.NextWaveScenarios.test_package_digest_and_state_approval_must_match_current_package) ... ok
test_plan_result_requires_canonical_evidence_and_delta (test_next_wave.NextWaveScenarios.test_plan_result_requires_canonical_evidence_and_delta) ... ok
test_public_task_completion_verifies_pack_and_advances_wave (test_next_wave.NextWaveScenarios.test_public_task_completion_verifies_pack_and_advances_wave) ... ok
test_state_blocker_removes_otherwise_eligible_units (test_next_wave.NextWaveScenarios.test_state_blocker_removes_otherwise_eligible_units) ... ok
test_symlinked_plan_is_rejected_without_following_it (test_next_wave.NextWaveScenarios.test_symlinked_plan_is_rejected_without_following_it) ... ok
test_task_result_requires_canonical_evidence_and_contract_fields (test_next_wave.NextWaveScenarios.test_task_result_requires_canonical_evidence_and_contract_fields) ... ok

----------------------------------------------------------------------
Ran 14 tests in 2.440s

OK

=== HostAdapterScenarios ===
test_adapter_replacement_requires_explicit_overwrite (test_host_adapters.HostAdapterScenarios.test_adapter_replacement_requires_explicit_overwrite) ... ok
test_codex_adds_smallest_diff_without_changing_common_contract (test_host_adapters.HostAdapterScenarios.test_codex_adds_smallest_diff_without_changing_common_contract) ... ok
test_common_rules_have_one_source_and_same_pack_contract (test_host_adapters.HostAdapterScenarios.test_common_rules_have_one_source_and_same_pack_contract) ... ok
test_install_rejects_foreign_namespace_before_io (test_host_adapters.HostAdapterScenarios.test_install_rejects_foreign_namespace_before_io) ... ok
test_install_rejects_symlink_target_without_touching_destination (test_host_adapters.HostAdapterScenarios.test_install_rejects_symlink_target_without_touching_destination) ... ok
test_render_is_reproducible_and_matches_all_goldens (test_host_adapters.HostAdapterScenarios.test_render_is_reproducible_and_matches_all_goldens) ... ok
test_two_claude_installs_preserve_foreign_file_and_skill_bytes (test_host_adapters.HostAdapterScenarios.test_two_claude_installs_preserve_foreign_file_and_skill_bytes) ... ok
test_two_generic_installs_preserve_foreign_file_and_skill_bytes (test_host_adapters.HostAdapterScenarios.test_two_generic_installs_preserve_foreign_file_and_skill_bytes) ... ok

----------------------------------------------------------------------
Ran 8 tests in 0.005s

OK

=== Phase3CliScenarios ===
test_adapter_render_and_explicit_install_are_public (test_phase3_cli.Phase3CliScenarios.test_adapter_render_and_explicit_install_are_public) ... ok
test_direct_classify_preserves_boundary_and_exposes_derived_floor (test_phase3_cli.Phase3CliScenarios.test_direct_classify_preserves_boundary_and_exposes_derived_floor) ... ok
test_finish_reclassifies_changes_committed_after_quick_start (test_phase3_cli.Phase3CliScenarios.test_finish_reclassifies_changes_committed_after_quick_start) ... ok
test_finish_reclassifies_real_diff_and_requires_checkpoint_guards (test_phase3_cli.Phase3CliScenarios.test_finish_reclassifies_real_diff_and_requires_checkpoint_guards) ... ok
test_finish_reclassifies_structured_model_migration_without_route_redirect (test_phase3_cli.Phase3CliScenarios.test_finish_reclassifies_structured_model_migration_without_route_redirect) ... ok
test_next_wave_is_public_read_only_projection (test_phase3_cli.Phase3CliScenarios.test_next_wave_is_public_read_only_projection) ... ok

----------------------------------------------------------------------
Ran 6 tests in 1.725s

OK

=== GovernedLearningScenarios ===
test_approval_requires_human_and_current_digest (test_learning.GovernedLearningScenarios.test_approval_requires_human_and_current_digest) ... ok
test_approved_lesson_can_be_deactivated_without_deleting_history (test_learning.GovernedLearningScenarios.test_approved_lesson_can_be_deactivated_without_deleting_history) ... ok
test_candidate_is_pending_and_does_not_change_current_behavior (test_learning.GovernedLearningScenarios.test_candidate_is_pending_and_does_not_change_current_behavior) ... ok
test_candidate_path_is_rejected_before_transition_target_lookup (test_learning.GovernedLearningScenarios.test_candidate_path_is_rejected_before_transition_target_lookup) ... ok
test_cli_exposes_opt_in_propose_list_approve_reject_and_deactivate (test_learning.GovernedLearningScenarios.test_cli_exposes_opt_in_propose_list_approve_reject_and_deactivate) ... ok
test_forged_candidate_and_source_escape_are_rejected (test_learning.GovernedLearningScenarios.test_forged_candidate_and_source_escape_are_rejected) ... ok
test_human_approval_promotes_only_governed_project_lesson (test_learning.GovernedLearningScenarios.test_human_approval_promotes_only_governed_project_lesson) ... ok
test_learning_atomic_write_syncs_target_directory (test_learning.GovernedLearningScenarios.test_learning_atomic_write_syncs_target_directory) ... ok
test_learning_transition_target_symlink_is_rejected_before_read (test_learning.GovernedLearningScenarios.test_learning_transition_target_symlink_is_rejected_before_read) ... ok
test_normal_workspace_initialization_creates_no_approved_lesson (test_learning.GovernedLearningScenarios.test_normal_workspace_initialization_creates_no_approved_lesson) ... ok
test_partial_approve_and_reject_transitions_resume_idempotently (test_learning.GovernedLearningScenarios.test_partial_approve_and_reject_transitions_resume_idempotently) ... ok
test_partial_deactivate_resumes_after_durable_replace (test_learning.GovernedLearningScenarios.test_partial_deactivate_resumes_after_durable_replace) ... ok
test_proposal_requires_explicit_success_evidence (test_learning.GovernedLearningScenarios.test_proposal_requires_explicit_success_evidence) ... ok
test_python_transitions_share_the_exclusive_backend_lock (test_learning.GovernedLearningScenarios.test_python_transitions_share_the_exclusive_backend_lock) ... ok
test_rejection_preserves_history_without_active_lesson (test_learning.GovernedLearningScenarios.test_rejection_preserves_history_without_active_lesson) ... ok
test_resolved_debug_can_explicitly_nominate_pending_learning (test_learning.GovernedLearningScenarios.test_resolved_debug_can_explicitly_nominate_pending_learning) ... ok
test_source_discovery_rejects_symlinked_bianchini_root (test_learning.GovernedLearningScenarios.test_source_discovery_rejects_symlinked_bianchini_root) ... ok

----------------------------------------------------------------------
Ran 17 tests in 2.682s

OK

=== GoBackendScenarios ===
test_all_registered_fixtures_have_byte_level_parity (test_go_preview.GoBackendScenarios.test_all_registered_fixtures_have_byte_level_parity) ... ok
test_external_go_modules_are_reconciled_with_distributed_notices (test_go_preview.GoBackendScenarios.test_external_go_modules_are_reconciled_with_distributed_notices) ... ok
test_go_adapter_render_and_install_match_python_oracle (test_go_preview.GoBackendScenarios.test_go_adapter_render_and_install_match_python_oracle) ... ok
test_go_and_python_reject_unsafe_risk_paths_identically (test_go_preview.GoBackendScenarios.test_go_and_python_reject_unsafe_risk_paths_identically) ... ok
test_go_model_init_validate_and_change_match_python_oracle (test_go_preview.GoBackendScenarios.test_go_model_init_validate_and_change_match_python_oracle) ... ok
test_go_next_wave_matches_python_oracle_without_mutation (test_go_preview.GoBackendScenarios.test_go_next_wave_matches_python_oracle_without_mutation) ... ok
test_go_policy_matches_python_oracle (test_go_preview.GoBackendScenarios.test_go_policy_matches_python_oracle) ... ok
test_go_risk_path_policy_matches_python_oracle (test_go_preview.GoBackendScenarios.test_go_risk_path_policy_matches_python_oracle) ... ok
test_go_scope_seal_and_verify_match_python_oracle (test_go_preview.GoBackendScenarios.test_go_scope_seal_and_verify_match_python_oracle) ... ok
test_go_unit_suite_is_green (test_go_preview.GoBackendScenarios.test_go_unit_suite_is_green) ... skipped 'núcleo Go executado separadamente antes desta suíte'
test_go_validate_state_matches_python_oracle (test_go_preview.GoBackendScenarios.test_go_validate_state_matches_python_oracle) ... ok
test_official_cross_compiles_for_required_matrix (test_go_preview.GoBackendScenarios.test_official_cross_compiles_for_required_matrix) ... ok
test_official_has_no_python_or_shell_fallback_and_reports_its_backend (test_go_preview.GoBackendScenarios.test_official_has_no_python_or_shell_fallback_and_reports_its_backend) ... ok
test_public_skills_resolve_only_the_native_binary (test_go_preview.GoBackendScenarios.test_public_skills_resolve_only_the_native_binary) ... ok
test_repository_launcher_is_go_only_and_fails_closed (test_go_preview.GoBackendScenarios.test_repository_launcher_is_go_only_and_fails_closed) ... ok

----------------------------------------------------------------------
Ran 15 tests in 15.955s

OK (skipped=1)

=== CliHelpScenarios ===
test_asset_covers_root_commands_and_actions (test_cli_help.CliHelpScenarios.test_asset_covers_root_commands_and_actions) ... ok
test_generated_help_matches_python_oracle_byte_for_byte (test_cli_help.CliHelpScenarios.test_generated_help_matches_python_oracle_byte_for_byte) ... ok

----------------------------------------------------------------------
Ran 2 tests in 6.711s

OK

=== WindowsPortabilityScenarios ===
test_native_backend_rejects_a_concurrent_process (test_windows_portability.WindowsPortabilityScenarios.test_native_backend_rejects_a_concurrent_process) ... ok
test_packaged_python_entrypoint_loads_without_fcntl (test_windows_portability.WindowsPortabilityScenarios.test_packaged_python_entrypoint_loads_without_fcntl) ... ok
test_windows_backend_locks_and_unlocks_the_same_byte (test_windows_portability.WindowsPortabilityScenarios.test_windows_backend_locks_and_unlocks_the_same_byte) ... ok

----------------------------------------------------------------------
Ran 3 tests in 0.108s

OK

=== FullJourneyScenarios ===
test_schema1_full_journey_without_design_preserves_legacy_contract (test_full_journey.FullJourneyScenarios.test_schema1_full_journey_without_design_preserves_legacy_contract) ... ok
test_schema2_full_journey_with_imported_design_and_task_pack (test_full_journey.FullJourneyScenarios.test_schema2_full_journey_with_imported_design_and_task_pack) ... ok

----------------------------------------------------------------------
Ran 2 tests in 2.408s

OK

=== SelfUpdateScenarios ===
test_archive_path_traversal_is_blocked_without_writes (test_self_update.SelfUpdateScenarios.test_archive_path_traversal_is_blocked_without_writes) ... ok
test_check_reports_update_without_downloading_archive (test_self_update.SelfUpdateScenarios.test_check_reports_update_without_downloading_archive) ... ok
test_dirty_git_checkout_blocks_before_fetch_or_merge (test_self_update.SelfUpdateScenarios.test_dirty_git_checkout_blocks_before_fetch_or_merge) ... ok
test_equal_or_newer_installation_is_never_replaced (test_self_update.SelfUpdateScenarios.test_equal_or_newer_installation_is_never_replaced) ... ok
test_failed_replace_restores_complete_previous_installation (test_self_update.SelfUpdateScenarios.test_failed_replace_restores_complete_previous_installation) ... ok
test_git_checkout_fast_forwards_main_without_archive_download (test_self_update.SelfUpdateScenarios.test_git_checkout_fast_forwards_main_without_archive_download) ... ok
test_git_checkout_rejects_non_official_origin (test_self_update.SelfUpdateScenarios.test_git_checkout_rejects_non_official_origin) ... ok
test_installed_package_updates_atomically_and_preserves_foreign_skills (test_self_update.SelfUpdateScenarios.test_installed_package_updates_atomically_and_preserves_foreign_skills) ... ok
test_public_skill_and_cli_expose_explicit_update (test_self_update.SelfUpdateScenarios.test_public_skill_and_cli_expose_explicit_update) ... ok
test_semantic_version_is_strict_and_ordered (test_self_update.SelfUpdateScenarios.test_semantic_version_is_strict_and_ordered) ... ok

----------------------------------------------------------------------
Ran 10 tests in 0.578s

OK

=== LineageResetPackageScenarios ===
test_archive_manifest_mismatch_blocks_before_installation (test_update_lineage_reset.LineageResetPackageScenarios.test_archive_manifest_mismatch_blocks_before_installation) ... ok
test_check_allows_old_numeric_lineage_only_with_explicit_manifest (test_update_lineage_reset.LineageResetPackageScenarios.test_check_allows_old_numeric_lineage_only_with_explicit_manifest) ... ok
test_missing_or_invalid_manifest_blocks_without_downloading_archive (test_update_lineage_reset.LineageResetPackageScenarios.test_missing_or_invalid_manifest_blocks_without_downloading_archive) ... ok
test_package_reset_requires_same_manifest_in_official_archive (test_update_lineage_reset.LineageResetPackageScenarios.test_package_reset_requires_same_manifest_in_official_archive) ... ok
test_repository_versions_the_exact_0_4_0_reset_manifest (test_update_lineage_reset.LineageResetPackageScenarios.test_repository_versions_the_exact_0_4_0_reset_manifest) ... ok
test_reset_exception_is_only_for_0_4_0 (test_update_lineage_reset.LineageResetPackageScenarios.test_reset_exception_is_only_for_0_4_0) ... ok
test_reset_rejects_non_official_repository_or_branch (test_update_lineage_reset.LineageResetPackageScenarios.test_reset_rejects_non_official_repository_or_branch) ... ok
test_semver_is_normal_before_and_after_reset (test_update_lineage_reset.LineageResetPackageScenarios.test_semver_is_normal_before_and_after_reset) ... ok

----------------------------------------------------------------------
Ran 8 tests in 0.128s

OK

=== LineageResetGitScenarios ===
test_git_reset_blocks_when_origin_branch_lacks_manifest (test_update_lineage_reset.LineageResetGitScenarios.test_git_reset_blocks_when_origin_branch_lacks_manifest) ... ok
test_git_reset_validates_origin_branch_and_versioned_manifest (test_update_lineage_reset.LineageResetGitScenarios.test_git_reset_validates_origin_branch_and_versioned_manifest) ... ok

----------------------------------------------------------------------
Ran 2 tests in 0.683s

OK

=== CodexOverlayPackageTests ===
test_base_cli_and_schemas_remain_unmodified_by_overlay (test_codex_overlay.CodexOverlayPackageTests.test_base_cli_and_schemas_remain_unmodified_by_overlay) ... ok
test_codex_activation_policy_is_explicit_and_base_implicit_is_disabled (test_codex_overlay.CodexOverlayPackageTests.test_codex_activation_policy_is_explicit_and_base_implicit_is_disabled) ... ok
test_codex_core_bounds_test_depth_without_reintroducing_overengineering (test_codex_overlay.CodexOverlayPackageTests.test_codex_core_bounds_test_depth_without_reintroducing_overengineering) ... ok
test_codex_preserves_frozen_plan_and_autonomy_envelope (test_codex_overlay.CodexOverlayPackageTests.test_codex_preserves_frozen_plan_and_autonomy_envelope) ... ok
test_core_does_not_pin_subagent_models_or_hierarchy (test_codex_overlay.CodexOverlayPackageTests.test_core_does_not_pin_subagent_models_or_hierarchy) ... ok
test_core_excludes_convergence_and_stop_rules (test_codex_overlay.CodexOverlayPackageTests.test_core_excludes_convergence_and_stop_rules) ... ok
test_overlay_delegates_to_the_single_canonical_executor (test_codex_overlay.CodexOverlayPackageTests.test_overlay_delegates_to_the_single_canonical_executor) ... ok
test_overlay_uses_current_native_cli_surfaces (test_codex_overlay.CodexOverlayPackageTests.test_overlay_uses_current_native_cli_surfaces) ... ok

----------------------------------------------------------------------
Ran 8 tests in 0.002s

OK

=== ReviewGuardScenarios ===
test_complete_requires_no_blockers_and_all_required_gates (test_codex_overlay.ReviewGuardScenarios.test_complete_requires_no_blockers_and_all_required_gates) ... ok
test_delta_line_must_be_changed_not_context_or_other_file (test_codex_overlay.ReviewGuardScenarios.test_delta_line_must_be_changed_not_context_or_other_file) ... ok
test_delta_uses_real_proofs_and_ignores_no_declared_exit_codes (test_codex_overlay.ReviewGuardScenarios.test_delta_uses_real_proofs_and_ignores_no_declared_exit_codes) ... ok
test_internal_decision_never_stops_or_asks_user (test_codex_overlay.ReviewGuardScenarios.test_internal_decision_never_stops_or_asks_user) ... ok
test_modified_added_removed_and_rename_lines_are_verified_by_real_git_diff (test_codex_overlay.ReviewGuardScenarios.test_modified_added_removed_and_rename_lines_are_verified_by_real_git_diff) ... ok
test_path_traversal_and_symlinks_are_rejected (test_codex_overlay.ReviewGuardScenarios.test_path_traversal_and_symlinks_are_rejected) ... ok
test_proof_executes_real_argv_and_green_result_cannot_be_spoofed_red (test_codex_overlay.ReviewGuardScenarios.test_proof_executes_real_argv_and_green_result_cannot_be_spoofed_red) ... ok
test_proof_store_detects_tampering_and_parallel_writes_do_not_lose_records (test_codex_overlay.ReviewGuardScenarios.test_proof_store_detects_tampering_and_parallel_writes_do_not_lose_records) ... ok
test_redesign_nonstructural_and_structural_without_evidence_are_rejected (test_codex_overlay.ReviewGuardScenarios.test_redesign_nonstructural_and_structural_without_evidence_are_rejected) ... ok
test_reproduction_requires_base_green_head_red_and_does_not_execute_shell_text (test_codex_overlay.ReviewGuardScenarios.test_reproduction_requires_base_green_head_red_and_does_not_execute_shell_text) ... ok
test_requirement_binding_and_root_cause_consolidation (test_codex_overlay.ReviewGuardScenarios.test_requirement_binding_and_root_cause_consolidation) ... ok
test_review_outside_awaiting_review_is_rejected (test_codex_overlay.ReviewGuardScenarios.test_review_outside_awaiting_review_is_rejected) ... ok
test_stop_requires_complete_structured_evidence_for_every_category (test_codex_overlay.ReviewGuardScenarios.test_stop_requires_complete_structured_evidence_for_every_category) ... ok
test_structural_blocker_allows_one_redesign_with_frozen_seam (test_codex_overlay.ReviewGuardScenarios.test_structural_blocker_allows_one_redesign_with_frozen_seam) ... ok
test_submit_rejects_nonexistent_commit_wrong_base_wrong_head_and_nonancestor (test_codex_overlay.ReviewGuardScenarios.test_submit_rejects_nonexistent_commit_wrong_base_wrong_head_and_nonancestor) ... ok
test_third_fix_is_rejected_and_nonstructural_blocker_is_parked (test_codex_overlay.ReviewGuardScenarios.test_third_fix_is_rejected_and_nonstructural_blocker_is_parked) ... ok
test_transition_table_accepts_every_valid_and_rejects_every_invalid_edge (test_codex_overlay.ReviewGuardScenarios.test_transition_table_accepts_every_valid_and_rejects_every_invalid_edge) ... ok
test_truncated_json_recovers_from_bak (test_codex_overlay.ReviewGuardScenarios.test_truncated_json_recovers_from_bak) ... ok
test_v1_sidecar_migration_is_generic_and_idempotent (test_codex_overlay.ReviewGuardScenarios.test_v1_sidecar_migration_is_generic_and_idempotent) ... ok
test_valid_fix_submit_review_sequence_and_no_consecutive_fix (test_codex_overlay.ReviewGuardScenarios.test_valid_fix_submit_review_sequence_and_no_consecutive_fix) ... ok
test_verification_delta_is_allowed_once_after_clean_implementation_review (test_codex_overlay.ReviewGuardScenarios.test_verification_delta_is_allowed_once_after_clean_implementation_review) ... ok
test_verification_delta_rejects_production_changes_and_hidden_renames (test_codex_overlay.ReviewGuardScenarios.test_verification_delta_rejects_production_changes_and_hidden_renames) ... ok

----------------------------------------------------------------------
Ran 22 tests in 20.248s

OK

=== CodexInstallerScenarios ===
test_base_implicit_policy_is_installed_only_in_codex_target (test_codex_overlay.CodexInstallerScenarios.test_base_implicit_policy_is_installed_only_in_codex_target) ... ok
test_conflicting_installations_and_override_conflict_fail (test_codex_overlay.CodexInstallerScenarios.test_conflicting_installations_and_override_conflict_fail) ... ok
test_default_is_agents_and_override_has_highest_precedence (test_codex_overlay.CodexInstallerScenarios.test_default_is_agents_and_override_has_highest_precedence) ... ok
test_existing_legacy_installation_is_detected_without_duplicate (test_codex_overlay.CodexInstallerScenarios.test_existing_legacy_installation_is_detected_without_duplicate) ... ok
test_foreign_files_are_never_overwritten (test_codex_overlay.CodexInstallerScenarios.test_foreign_files_are_never_overwritten) ... ok

----------------------------------------------------------------------
Ran 5 tests in 0.248s

OK

39 shards aprovados.
